[127.0.0.1_48626/images/logos/logo_32.png]
[127.0.0.1_48626/images/logos/logo_144.png]
[127.0.0.1_48626/static/js/jquery.min.js]
[127.0.0.1_48626/static/js/flot/jquery.flot.min.js]
[127.0.0.1_48626/static/js/flot/jquery.flot.resize.min.js]
[127.0.0.1_48626/static/js/search.js]
[127.0.0.1_48626/static/js/page.js]
[127.0.0.1_48626/static/js/filters.js]
[127.0.0.1_48626/static/js/respond.matchmedia.addListener.min.js]
[127.0.0.1_48626/static/js/load.js]
[127.0.0.1_48626/static/js/qwebchannel.js]
[backblue.gif]
[fade.gif]
[index.html]
[127.0.0.1_48626/nodes/obj/index.html]
[127.0.0.1_48626/static/css/pygments/brightcolor.css]
[127.0.0.1_48626/static/scss/page.css]
[127.0.0.1_48626/static/scss/hpage.css]
[127.0.0.1_48626/images/logos/houdini_white.svg]
[127.0.0.1_48626/icons/NETWORKS/obj.svg]
[127.0.0.1_48626/nodes/obj/agentcam.html]
[127.0.0.1_48626/icons/CROWDS/agentcam.svg]
[127.0.0.1_48626/nodes/obj/alembicarchive.html]
[127.0.0.1_48626/icons/SOP/alembic.svg]
[127.0.0.1_48626/nodes/obj/alembicxform.html]
[127.0.0.1_48626/nodes/obj/ambient.html]
[127.0.0.1_48626/icons/OBJ/ambient.svg]
[127.0.0.1_48626/nodes/obj/fog.html]
[127.0.0.1_48626/icons/OBJ/fog.svg]
[127.0.0.1_48626/nodes/obj/autobonechaininterface.html]
[127.0.0.1_48626/icons/MISC/digital_asset.svg]
[127.0.0.1_48626/nodes/obj/blend.html]
[127.0.0.1_48626/icons/OBJ/blend.svg]
[127.0.0.1_48626/nodes/obj/blendsticky.html]
[127.0.0.1_48626/icons/OBJ/blendsticky.svg]
[127.0.0.1_48626/images/shelf/bones.png]
[127.0.0.1_48626/images/shelf/bones_from_curve.png]
[127.0.0.1_48626/nodes/obj/bone.html]
[127.0.0.1_48626/icons/OBJ/bone.svg]
[127.0.0.1_48626/nodes/obj/cop2plane.html]
[127.0.0.1_48626/icons/NETWORKS/cop2.svg]
[127.0.0.1_48626/nodes/images/fov.png]
[127.0.0.1_48626/nodes/obj/cam.html]
[127.0.0.1_48626/icons/OBJ/camera.svg]
[127.0.0.1_48626/nodes/obj/dopnet.html]
[127.0.0.1_48626/icons/OBJ/dopnet.svg]
[127.0.0.1_48626/nodes/obj/envlight.html]
[127.0.0.1_48626/icons/OBJ/light_environment.svg]
[127.0.0.1_48626/nodes/obj/extractgeo.html]
[127.0.0.1_48626/icons/OBJ/extractgeo.svg]
[127.0.0.1_48626/nodes/obj/fetch.html]
[127.0.0.1_48626/icons/OBJ/fetch.svg]
[127.0.0.1_48626/nodes/obj/formationcrowdsexample.html]
[127.0.0.1_48626/icons/OBJ/MISC_present.html]
[127.0.0.1_48626/nodes/obj/frankenmuscle.html]
[127.0.0.1_48626/icons/OBJ/frankenmuscle.svg]
[127.0.0.1_48626/nodes/obj/fuzzyObstacleAvoidance.html]
[127.0.0.1_48626/nodes/obj/fuzzystatetransition.html]
[127.0.0.1_48626/images/char/onionskinning2.png]
[127.0.0.1_48626/nodes/obj/geo.html]
[127.0.0.1_48626/icons/OBJ/geo.svg]
[127.0.0.1_48626/nodes/obj/groommerge.html]
[127.0.0.1_48626/icons/OBJ/groommerge.html]
[127.0.0.1_48626/nodes/obj/guidedeform.html]
[127.0.0.1_48626/icons/OBJ/guidedeform.svg]
[127.0.0.1_48626/nodes/obj/guidegroom.html]
[127.0.0.1_48626/icons/OBJ/guidegroom.svg]
[127.0.0.1_48626/nodes/obj/guidesim.html]
[127.0.0.1_48626/icons/OBJ/guidesim.html]
[127.0.0.1_48626/nodes/obj/hairgen.html]
[127.0.0.1_48626/icons/OBJ/hairgen.svg]
[127.0.0.1_48626/nodes/obj/handle.html]
[127.0.0.1_48626/icons/OBJ/handle.svg]
[127.0.0.1_48626/nodes/obj/indirectlight.html]
[127.0.0.1_48626/nodes/obj/instance.html]
[127.0.0.1_48626/nodes/images/cone_angle.png]
[127.0.0.1_48626/nodes/obj/hlight.html]
[127.0.0.1_48626/icons/OBJ/light.svg]
[127.0.0.1_48626/nodes/obj/light.html]
[127.0.0.1_48626/nodes/obj/microphone.html]
[127.0.0.1_48626/icons/OBJ/microphone.svg]
[127.0.0.1_48626/nodes/obj/mcacclaim.html]
[127.0.0.1_48626/icons/SHELF/motion_capture.svg]
[127.0.0.1_48626/nodes/obj/mocapbiped1.html]
[127.0.0.1_48626/icons/CROWDS/agent.svg]
[127.0.0.1_48626/nodes/obj/mocapbiped2.html]
[127.0.0.1_48626/nodes/obj/mocapbiped3.html]
[127.0.0.1_48626/nodes/obj/riggedmuscle.html]
[127.0.0.1_48626/icons/OBJ/muscle.svg]
[127.0.0.1_48626/nodes/obj/musclepin.html]
[127.0.0.1_48626/icons/OBJ/musclepin.svg]
[127.0.0.1_48626/nodes/obj/musclerig.html]
[127.0.0.1_48626/icons/OBJ/musclerig.svg]
[127.0.0.1_48626/images/shelf/null.png]
[127.0.0.1_48626/nodes/obj/null.html]
[127.0.0.1_48626/icons/OBJ/null.svg]
[127.0.0.1_48626/nodes/obj/path.html]
[127.0.0.1_48626/icons/OBJ/pathcv.svg]
[127.0.0.1_48626/nodes/obj/pathcv.html]
[127.0.0.1_48626/icons/OBJ/path.svg]
[127.0.0.1_48626/nodes/obj/pxraovlight.html]
[127.0.0.1_48626/nodes/obj/pxrbarnlightfilter.html]
[127.0.0.1_48626/nodes/obj/pxrblockerlightfilter.html]
[127.0.0.1_48626/nodes/obj/pxrcookielightfilter.html]
[127.0.0.1_48626/nodes/obj/pxrenvdaylight.html]
[127.0.0.1_48626/nodes/obj/pxrdisklight.html]
[127.0.0.1_48626/nodes/obj/pxrdistantlight.html]
[127.0.0.1_48626/nodes/obj/pxrdomelight.html]
[127.0.0.1_48626/nodes/obj/pxrgobolightfilter.html]
[127.0.0.1_48626/nodes/obj/pxrportallight.html]
[127.0.0.1_48626/nodes/obj/pxrramplightfilter.html]
[127.0.0.1_48626/nodes/obj/pxrrectlight.html]
[127.0.0.1_48626/nodes/obj/pxrrodlightfilter.html]
[127.0.0.1_48626/nodes/obj/pxrspherelight.html]
[127.0.0.1_48626/nodes/obj/pxrstdarealight.html]
[127.0.0.1_48626/nodes/obj/pxrstdenvdaylight.html]
[127.0.0.1_48626/nodes/obj/pxrstdenvmaplight.html]
[127.0.0.1_48626/nodes/obj/pythonscript.html]
[127.0.0.1_48626/icons/MISC/python.svg]
[127.0.0.1_48626/nodes/obj/ragdollrunexample.html]
[127.0.0.1_48626/nodes/obj/rivet.html]
[127.0.0.1_48626/icons/OBJ/rivet.svg]
[127.0.0.1_48626/nodes/obj/simplebiped.html]
[127.0.0.1_48626/icons/OBJ/simplebiped.svg]
[127.0.0.1_48626/nodes/obj/simplefemale.html]
[127.0.0.1_48626/icons/OBJ/simplefemale.svg]
[127.0.0.1_48626/nodes/obj/simplemale.html]
[127.0.0.1_48626/icons/OBJ/simplemale.svg]
[127.0.0.1_48626/nodes/obj/sound.html]
[127.0.0.1_48626/icons/OBJ/sound.svg]
[127.0.0.1_48626/images/shelf/stereocaminteraxial.png]
[127.0.0.1_48626/images/shelf/stereocamzps.png]
[127.0.0.1_48626/nodes/obj/stereocamrig.html]
[127.0.0.1_48626/icons/OBJ/stereocamera.svg]
[127.0.0.1_48626/nodes/obj/stereocam.html]
[127.0.0.1_48626/nodes/obj/sticky.html]
[127.0.0.1_48626/icons/OBJ/sticky.svg]
[127.0.0.1_48626/nodes/obj/subnet.html]
[127.0.0.1_48626/icons/COMMON/subnet.svg]
[127.0.0.1_48626/nodes/obj/switcher.html]
[127.0.0.1_48626/icons/OBJ/switcher.svg]
[127.0.0.1_48626/icons/SOP/solver.svg]
[127.0.0.1_48626/nodes/obj/vrcam.html]
[127.0.0.1_48626/icons/SHOP/vrlens.svg]
[127.0.0.1_48626/nodes/obj/viewportisolator.html]
[127.0.0.1_48626/icons/VIEW/display_objects.svg]
[127.0.0.1_48626/nodes/obj/pxrintmultlightfilter.html]
[127.0.0.1_48626/icons/NETWORKS/chop.svg]
[127.0.0.1_48626/icons/NETWORKS/dop.svg]
[127.0.0.1_48626/icons/NETWORKS/rop.svg]
[127.0.0.1_48626/icons/NETWORKS/vop.svg]
[127.0.0.1_48626/static/fonts/Source_Sans_Pro/SourceSansPro-ExtraLight.ttf]
[127.0.0.1_48626/static/fonts/Source_Sans_Pro/SourceSansPro-ExtraLightItalic.ttf]
[127.0.0.1_48626/static/fonts/Source_Sans_Pro/SourceSansPro-Light.ttf]
[127.0.0.1_48626/static/fonts/Source_Sans_Pro/SourceSansPro-LightItalic.ttf]
[127.0.0.1_48626/static/fonts/Source_Sans_Pro/SourceSansPro-Regular.ttf]
[127.0.0.1_48626/static/fonts/Source_Sans_Pro/SourceSansPro-Italic.ttf]
[127.0.0.1_48626/static/fonts/Source_Sans_Pro/SourceSansPro-Semibold.ttf]
[127.0.0.1_48626/static/fonts/Source_Sans_Pro/SourceSansPro-SemiboldItalic.ttf]
[127.0.0.1_48626/static/fonts/Source_Sans_Pro/SourceSansPro-Bold.ttf]
[127.0.0.1_48626/static/fonts/Source_Sans_Pro/SourceSansPro-BoldItalic.ttf]
[127.0.0.1_48626/static/fonts/Source_Sans_Pro/SourceSansPro-Black.ttf]
[127.0.0.1_48626/static/fonts/Source_Sans_Pro/SourceSansPro-BlackItalic.ttf]
[127.0.0.1_48626/static/fonts/Source_Sans_Pro/source_sans.css]
[127.0.0.1_48626/static/fonts/Source_Code_Pro/SourceCodePro-Extralight.ttf]
[127.0.0.1_48626/static/fonts/Source_Code_Pro/SourceCodePro-Light.ttf]
[127.0.0.1_48626/static/fonts/Source_Code_Pro/SourceCodePro-Regular.ttf]
[127.0.0.1_48626/static/fonts/Source_Code_Pro/SourceCodePro-Medium.ttf]
[127.0.0.1_48626/static/fonts/Source_Code_Pro/SourceCodePro-Semibold.ttf]
[127.0.0.1_48626/static/fonts/Source_Code_Pro/SourceCodePro-Bold.ttf]
[127.0.0.1_48626/static/fonts/Source_Code_Pro/SourceCodePro-Black.ttf]
[127.0.0.1_48626/static/fonts/Source_Code_Pro/source_code.css]
[127.0.0.1_48626/static/fonts/fontawesome-webfont3e6e.ttf]
[127.0.0.1_48626/static/fonts/font-awesome.min.css]
[127.0.0.1_48626/icons/SHELF/lookat.svg]
[127.0.0.1_48626/icons/SHELF/followpath.svg]
[127.0.0.1_48626/icons/MISC/asset.html]
[127.0.0.1_48626/icons/OBJ/stickyblend.html]
[127.0.0.1_48626/icons/OBJ_STATE/bones.svg]
[127.0.0.1_48626/icons/KEYS/LMB.svg]
[127.0.0.1_48626/icons/KEYS/RMB.svg]
[127.0.0.1_48626/icons/OBJ_STATE/bonesfromcurve.svg]
[127.0.0.1_48626/icons/SOP/curve.svg]
[127.0.0.1_48626/icons/CHOP/inversekin.svg]
[127.0.0.1_48626/icons/DOP/output.html]
[127.0.0.1_48626/icons/OBJ/dop.html]
[127.0.0.1_48626/icons/SHOP/v_gilight.html]
[127.0.0.1_48626/icons/COP2/skyenvmap.svg]
[127.0.0.1_48626/icons/FUR/isolate_parts.svg]
[127.0.0.1_48626/icons/OBJ/jump_guides.html]
[127.0.0.1_48626/icons/SOP/file.html]
[127.0.0.1_48626/icons/FUR/paint_clumping.svg]
[127.0.0.1_48626/icons/OBJ/jump_generate.html]
[127.0.0.1_48626/icons/ROP/mantra.svg]
[127.0.0.1_48626/icons/SHOP/vopmaterial.svg]
[127.0.0.1_48626/home/jimmac/Desktop/wi-fi.html]
[127.0.0.1_48626/icons/SHELF/Motion_Capture.html]
[127.0.0.1_48626/icons/SHELF/point_to_point_muscle.svg]
[127.0.0.1_48626/icons/SOP/muscledeform.svg]
[127.0.0.1_48626/icons/SOP/solidconform.html]
[127.0.0.1_48626/icons/CHOP/jiggle.svg]
[127.0.0.1_48626/icons/SHELF/muscle_attach.svg]
[127.0.0.1_48626/icons/MISC/python2.html]
[127.0.0.1_48626/icons/SOP/deform.svg]
[127.0.0.1_48626/icons/MISC/generic.svg]
[127.0.0.1_48626/icons/SOP/deltamush.svg]
[127.0.0.1_48626/icons/VIEW/display_lock_camera.svg]
[127.0.0.1_48626/icons/COP2/file.svg]
[127.0.0.1_48626/icons/COP2/anaglyph.svg]
[127.0.0.1_48626/icons/KEYS/MMB.svg]
[127.0.0.1_48626/icons/OBJ/Portal_Light.html]
[127.0.0.1_48626/icons/VIEW/VIEW_display_objects.html]
[127.0.0.1_48626/icons/NETWORKS/chops.html]
[127.0.0.1_48626/icons/NETWORKS/vops.html]
[127.0.0.1_48626/static/fonts/fontawesome-webfont3e6e.html]
[127.0.0.1_48626/static/fonts/fontawesome-webfontd41d.html]
[127.0.0.1_48626/static/fonts/fontawesome-webfont3e6e-2.html]
[127.0.0.1_48626/static/fonts/fontawesome-webfont3e6e-3.html]
[127.0.0.1_48626/static/fonts/fontawesome-webfont3e6e-4.html]
[127.0.0.1_48626/icons/CHOP/bone.html]
[127.0.0.1_48626/icons/COP2/Sky.html]
[127.0.0.1_48626/icons/FUR/isolate_groom_parts.html]
[127.0.0.1_48626/icons/SHOP/shop.html]
[127.0.0.1_48626/icons/SHELF/muscle.html]
[127.0.0.1_48626/icons/CHOP/Jiggle.html]
[127.0.0.1_48626/icons/SOP/capture.svg]
[127.0.0.1_48626/icons/VIEW/VIEW_display_lock_camera.html]
[127.0.0.1_48626/icons/COP2/3D_Glasses.html]
